<html>
<body>
<pre>
<h1>µVision Build Log</h1>
<h2>Tool Versions:</h2>
IDE-Version: ¦ÌVision V5.25.3.0
Copyright (C) 2018 ARM Ltd and ARM Germany GmbH. All rights reserved.
License Information: bert Zhang, ZKTeco, LIC=VGX63-AY408-CJW6Z-J792G-WHZEI-MR854
 
Tool Versions:
Toolchain:       MDK-ARM Plus  Version: 5.25.2.0
Toolchain Path:  d:\Keil_v5\ARM\ARMCC\Bin
C Compiler:      Armcc.exe V5.06 update 6 (build 750)
Assembler:       Armasm.exe V5.06 update 6 (build 750)
Linker/Locator:  ArmLink.exe V5.06 update 6 (build 750)
Library Manager: ArmAr.exe V5.06 update 6 (build 750)
Hex Converter:   FromElf.exe V5.06 update 6 (build 750)
CPU DLL:         SARMCM3.DLL V5.25.2.0
Dialog DLL:      DCM.DLL V1.17.1.0
Target DLL:      Segger\JL2CM3.dll V2.99.29.0
Dialog DLL:      TCM.DLL V1.35.1.0
 
<h2>Project:</h2>
C:\Users\bertz\Desktop\DSv1.0_Release\DSPro\MDK-ARM\DSPro.uvprojx
Project File Date:  07/27/2018

<h2>Output:</h2>
*** Using Compiler 'V5.06 update 6 (build 750)', folder: 'd:\Keil_v5\ARM\ARMCC\Bin'
Build target 'DSPro'
compiling dma.c...
compiling gpio.c...
compiling adc.c...
compiling main.c...
compiling tim.c...
compiling stm32f1xx_it.c...
../Core/Src/stm32f1xx_it.c(39): warning:  #1295-D: Deprecated declaration DS_CoreBoardUsartReceive_IDLE - give arg types
  extern void DS_CoreBoardUsartReceive_IDLE();
../Core/Src/stm32f1xx_it.c: 1 warning, 0 errors
compiling spi.c...
compiling usart.c...
../Core/Src/usart.c(452): warning:  #940-D: missing return statement at end of non-void function "DS_HandlingUartsData" 
  }
../Core/Src/usart.c(448): warning:  #177-D: variable "state"  was declared but never referenced
    DS_StatusTypeDef state = DS_OK;
../Core/Src/usart.c(449): warning:  #177-D: variable "xorTemp"  was declared but never referenced
    uint8_t xorTemp;
../Core/Src/usart.c(450): warning:  #177-D: variable "i"  was declared but never referenced
    uint16_t i;
../Core/Src/usart.c(458): warning:  #940-D: missing return statement at end of non-void function "DS_SendDataToSendingTable" 
  }
../Core/Src/usart.c(456): warning:  #177-D: variable "state"  was declared but never referenced
    DS_StatusTypeDef state = DS_OK;
../Core/Src/usart.c(434): warning:  #177-D: function "getXORCode"  was declared but never referenced
  static uint8_t getXORCode(uint8_t* pData,uint16_t len)
../Core/Src/usart.c(446): warning:  #177-D: function "DS_HandlingUartsData"  was declared but never referenced
  static DS_StatusTypeDef DS_HandlingUartsData(uint8_t* pDataBuff, uint16_t dataLength)
../Core/Src/usart.c: 8 warnings, 0 errors
compiling stm32f1xx_hal_msp.c...
compiling stm32f1xx_hal_gpio_ex.c...
compiling stm32f1xx_hal_adc.c...
compiling stm32f1xx_hal_adc_ex.c...
compiling stm32f1xx_hal_spi_ex.c...
compiling stm32f1xx_hal_spi.c...
compiling stm32f1xx_hal_tim_ex.c...
compiling stm32f1xx_hal_tim.c...
compiling stm32f1xx_hal.c...
compiling stm32f1xx_hal_uart.c...
compiling stm32f1xx_hal_rcc.c...
compiling stm32f1xx_hal_rcc_ex.c...
compiling stm32f1xx_hal_gpio.c...
compiling stm32f1xx_hal_dma.c...
compiling stm32f1xx_hal_cortex.c...
compiling stm32f1xx_hal_pwr.c...
compiling stm32f1xx_hal_flash.c...
compiling stm32f1xx_hal_flash_ex.c...
compiling system_stm32f1xx.c...
linking...
Program Size: Code=15972 RO-data=360 RW-data=60 ZI-data=3348  
FromELF: creating hex file...
"DSPro\DSPro.axf" - 0 Error(s), 9 Warning(s).

<h2>Software Packages used:</h2>

Package Vendor: ARM
                http://www.keil.com/pack/ARM.CMSIS.5.3.0.pack
                ARM.CMSIS.5.3.0
                CMSIS (Cortex Microcontroller Software Interface Standard)
   * Component: CORE Version: 5.1.1

Package Vendor: Keil
                http://www.keil.com/pack/Keil.STM32F1xx_DFP.2.2.0.pack
                Keil.STM32F1xx_DFP.2.2.0
                STMicroelectronics STM32F1 Series Device Support, Drivers and Examples

<h2>Collection of Component include folders:</h2>
  .\RTE\_DSPro
  d:\Keil_v5\ARM\PACK\ARM\CMSIS\5.3.0\CMSIS\Include
  d:\Keil_v5\ARM\PACK\Keil\STM32F1xx_DFP\2.2.0\Device\Include

<h2>Collection of Component Files used:</h2>

   * Component: ARM::CMSIS:CORE:5.1.1
Build Time Elapsed:  00:00:15
</pre>
</body>
</html>
